2026-09-10T23:22:01 INFO log file: C:\Users\boldi\Dropbox\_ProductDevelopment\uniprot-standard\outputs\logs\enumerate_pool_20260911T062201Z.log
2026-09-10T23:22:03 INFO query '(organism_id:9606) AND (reviewed:true) AND (go:0030016)' -> 242 rows (X-Total-Results=242)
2026-09-10T23:22:04 INFO query '(organism_id:9606) AND (reviewed:true) AND (go:0097512)' -> 7 rows (X-Total-Results=7)
2026-09-10T23:22:04 INFO query '(organism_id:9606) AND (reviewed:true) AND (go:0098723)' -> 0 rows (X-Total-Results=0)
2026-09-10T23:22:06 INFO query '(organism_id:9606) AND (reviewed:true) AND (go:0030017)' -> 221 rows (X-Total-Results=221)
2026-09-10T23:22:06 INFO query '(organism_id:9606) AND (reviewed:true) AND (go:0036379)' -> 26 rows (X-Total-Results=26)
2026-09-10T23:22:07 INFO query '(organism_id:9606) AND (reviewed:true) AND (go:0043034)' -> 16 rows (X-Total-Results=16)
2026-09-10T23:22:08 INFO query '(organism_id:9606) AND (reviewed:true) AND (go:0005863)' -> 3 rows (X-Total-Results=3)
2026-09-10T23:22:08 INFO query '(organism_id:9606) AND (reviewed:true) AND (go:0005865)' -> 22 rows (X-Total-Results=22)
2026-09-10T23:22:09 INFO query '(organism_id:9606) AND (reviewed:true) AND (go:0031672)' -> 42 rows (X-Total-Results=42)
2026-09-10T23:22:10 INFO query '(organism_id:9606) AND (reviewed:true) AND (go:0031674)' -> 148 rows (X-Total-Results=148)
2026-09-10T23:22:11 INFO query '(organism_id:9606) AND (reviewed:true) AND (go:0005861)' -> 9 rows (X-Total-Results=9)
2026-09-10T23:22:12 INFO query '(organism_id:9606) AND (reviewed:true) AND (go:0005862)' -> 4 rows (X-Total-Results=4)
2026-09-10T23:22:12 INFO query '(organism_id:9606) AND (reviewed:true) AND (go:0014705)' -> 1 rows (X-Total-Results=1)
2026-09-10T23:22:13 INFO query '(organism_id:9606) AND (reviewed:true) AND (go:0031430)' -> 28 rows (X-Total-Results=28)
2026-09-10T23:22:14 INFO query '(organism_id:9606) AND (reviewed:true) AND (go:0031673)' -> 2 rows (X-Total-Results=2)
2026-09-10T23:22:15 INFO query '(organism_id:9606) AND (reviewed:true) AND (go:0030018)' -> 132 rows (X-Total-Results=132)
2026-09-10T23:22:16 INFO query '(organism_id:9606) AND (reviewed:true) AND (go:1990584)' -> 3 rows (X-Total-Results=3)
2026-09-10T23:22:16 INFO query '(organism_id:9606) AND (reviewed:true) AND (go:1990733)' -> 2 rows (X-Total-Results=2)
2026-09-10T23:22:16 INFO tier 1: union over 18 subtree terms -> 242 entries
2026-09-10T23:22:17 INFO query '(organism_id:9606) AND (reviewed:true) AND (go:0030016)' -> 242 rows (X-Total-Results=242)
2026-09-10T23:22:17 INFO tier 1: term-level query -> 242 entries; matches union: True (only_in_term_query=0, only_in_union=0)
2026-09-10T23:22:19 INFO query '(organism_id:9606) AND (reviewed:true) AND (go:0043292)' -> 252 rows (X-Total-Results=252)
2026-09-10T23:22:19 INFO tier 1: broader neighbour GO:0043292 (contractile muscle fiber): 252 entries, 10 not in pool, 0 of pool absent
2026-09-10T23:22:19 INFO query '(organism_id:9606) AND (reviewed:true) AND (go:0097512)' -> 7 rows (X-Total-Results=7)
2026-09-10T23:22:19 INFO tier 1: narrower neighbour GO:0097512 (cardiac myofibril): 7 entries, 0 not in pool, 235 of pool absent
2026-09-10T23:22:20 INFO query '(organism_id:9606) AND (reviewed:true) AND (go:0098723)' -> 0 rows (X-Total-Results=0)
2026-09-10T23:22:20 INFO tier 1: narrower neighbour GO:0098723 (skeletal muscle myofibril): 0 entries, 0 not in pool, 242 of pool absent
2026-09-10T23:22:20 INFO query '(organism_id:9606) AND (reviewed:true) AND (go:0030017)' -> 221 rows (X-Total-Results=221)
2026-09-10T23:22:20 INFO tier 1: narrower neighbour GO:0030017 (sarcomere): 221 entries, 0 not in pool, 21 of pool absent
2026-09-10T23:22:21 INFO query '(organism_id:9606) AND (reviewed:true) AND (go:0036379)' -> 26 rows (X-Total-Results=26)
2026-09-10T23:22:21 INFO tier 1: narrower neighbour GO:0036379 (myofilament): 26 entries, 0 not in pool, 216 of pool absent
2026-09-10T23:22:21 INFO query '(organism_id:9606) AND (reviewed:true) AND (go:0043034)' -> 16 rows (X-Total-Results=16)
2026-09-10T23:22:21 INFO tier 1: narrower neighbour GO:0043034 (costamere): 16 entries, 0 not in pool, 226 of pool absent
2026-09-10T23:22:22 INFO query '(organism_id:9606) AND (reviewed:true) AND (go:0016528)' -> 87 rows (X-Total-Results=87)
2026-09-10T23:22:23 INFO query '(organism_id:9606) AND (reviewed:true) AND (go:0016529)' -> 77 rows (X-Total-Results=77)
2026-09-10T23:22:24 INFO query '(organism_id:9606) AND (reviewed:true) AND (go:0030314)' -> 9 rows (X-Total-Results=9)
2026-09-10T23:22:24 INFO query '(organism_id:9606) AND (reviewed:true) AND (go:0014801)' -> 2 rows (X-Total-Results=2)
2026-09-10T23:22:25 INFO query '(organism_id:9606) AND (reviewed:true) AND (go:0014802)' -> 4 rows (X-Total-Results=4)
2026-09-10T23:22:26 INFO query '(organism_id:9606) AND (reviewed:true) AND (go:0033017)' -> 45 rows (X-Total-Results=45)
2026-09-10T23:22:26 INFO query '(organism_id:9606) AND (reviewed:true) AND (go:0033018)' -> 10 rows (X-Total-Results=10)
2026-09-10T23:22:27 INFO query '(organism_id:9606) AND (reviewed:true) AND (go:0014803)' -> 0 rows (X-Total-Results=0)
2026-09-10T23:22:27 INFO query '(organism_id:9606) AND (reviewed:true) AND (go:0014804)' -> 1 rows (X-Total-Results=1)
2026-09-10T23:22:28 INFO query '(organism_id:9606) AND (reviewed:true) AND (go:0014701)' -> 11 rows (X-Total-Results=11)
2026-09-10T23:22:29 INFO query '(organism_id:9606) AND (reviewed:true) AND (go:0014702)' -> 0 rows (X-Total-Results=0)
2026-09-10T23:22:29 INFO query '(organism_id:9606) AND (reviewed:true) AND (go:1990425)' -> 3 rows (X-Total-Results=3)
2026-09-10T23:22:30 INFO query '(organism_id:9606) AND (reviewed:true) AND (go:1990629)' -> 1 rows (X-Total-Results=1)
2026-09-10T23:22:30 INFO tier 2: union over 13 subtree terms -> 87 entries
2026-09-10T23:22:30 INFO query '(organism_id:9606) AND (reviewed:true) AND (go:0016528)' -> 87 rows (X-Total-Results=87)
2026-09-10T23:22:30 INFO tier 2: term-level query -> 87 entries; matches union: True (only_in_term_query=0, only_in_union=0)
2026-09-10T23:23:30 INFO query '(organism_id:9606) AND (reviewed:true) AND (go:0005737)' -> 11855 rows (X-Total-Results=11855)
2026-09-10T23:23:30 INFO tier 2: broader neighbour GO:0005737 (cytoplasm): 11855 entries, 11768 not in pool, 0 of pool absent
2026-09-10T23:23:30 INFO query '(organism_id:9606) AND (reviewed:true) AND (go:0016529)' -> 77 rows (X-Total-Results=77)
2026-09-10T23:23:30 INFO tier 2: narrower neighbour GO:0016529 (sarcoplasmic reticulum): 77 entries, 0 not in pool, 10 of pool absent
2026-09-10T23:23:31 INFO query '(organism_id:9606) AND (reviewed:true) AND (go:0030314)' -> 9 rows (X-Total-Results=9)
2026-09-10T23:23:31 INFO tier 2: narrower neighbour GO:0030314 (junctional membrane complex): 9 entries, 0 not in pool, 78 of pool absent
2026-09-10T23:23:31 INFO tier overlap: 26 accessions in more than one tier
2026-09-10T23:23:31 INFO UniProt release: 2026_03
