2026-09-10T23:23:31 INFO log file: C:\Users\boldi\Dropbox\_ProductDevelopment\uniprot-standard\outputs\logs\verify_accessions_20260911T062331Z.log
2026-09-10T23:23:31 INFO 303 accessions to fetch
2026-09-10T23:23:32 INFO [1/303] A0A1B0GWK0 PVALEF len=134 v1 md5 ok; features=1/12 isoforms=0 annotations=3
2026-09-10T23:23:34 INFO [2/303] A1L4K1 FSD2 len=749 v1 md5 ok; features=2/8 isoforms=2 annotations=3
2026-09-10T23:23:37 INFO [3/303] A2IDD5 CCDC78 len=438 v1 md5 ok; features=8/14 isoforms=6 annotations=8
2026-09-10T23:23:39 INFO [4/303] A2RUH7 MYBPHL len=354 v2 md5 ok; features=2/11 isoforms=2 annotations=2
2026-09-10T23:23:43 INFO [5/303] A4UGR9 XIRP2 len=3374 v2 md5 ok; features=8/124 isoforms=8 annotations=8
2026-09-10T23:23:45 INFO [6/303] A6NNS2 DHRS7C len=312 v3 md5 ok; features=3/10 isoforms=2 annotations=7
2026-09-10T23:23:47 INFO [7/303] A7E2Y1 MYH7B len=1983 v4 md5 ok; features=5/27 isoforms=4 annotations=11
2026-09-10T23:23:48 INFO [8/303] A8MU46 SMTNL1 len=494 v2 md5 ok; features=1/14 isoforms=0 annotations=13
2026-09-10T23:23:49 INFO [9/303] O00151 PDLIM1 len=329 v4 md5 ok; features=2/34 isoforms=0 annotations=22
2026-09-10T23:23:53 INFO [10/303] O00165 HAX1 len=279 v2 md5 ok; features=9/38 isoforms=6 annotations=33
2026-09-10T23:23:59 INFO [11/303] O00499 BIN1 len=593 v1 md5 ok; features=10/57 isoforms=11 annotations=53
2026-09-10T23:24:00 INFO [12/303] O00631 SLN len=31 v1 md5 ok; features=1/7 isoforms=0 annotations=17
2026-09-10T23:24:01 INFO [13/303] O00757 FBP2 len=339 v2 md5 ok; features=1/80 isoforms=0 annotations=9
2026-09-10T23:24:02 INFO [14/303] O14950 MYL12B len=172 v2 md5 ok; features=1/19 isoforms=0 annotations=11
2026-09-10T23:24:03 INFO [15/303] O14958 CASQ2 len=399 v2 md5 ok; features=3/54 isoforms=2 annotations=26
2026-09-10T23:24:07 INFO [16/303] O14974 PPP1R12A len=1030 v1 md5 ok; features=5/95 isoforms=5 annotations=25
2026-09-10T23:24:09 INFO [17/303] O14983 ATP2A1 len=1001 v1 md5 ok; features=3/46 isoforms=3 annotations=38
2026-09-10T23:24:11 INFO [18/303] O15061 SYNM len=1565 v3 md5 ok; features=4/85 isoforms=3 annotations=12
2026-09-10T23:24:12 INFO [19/303] O15273 TCAP len=167 v1 md5 ok; features=1/23 isoforms=0 annotations=31
2026-09-10T23:24:14 INFO [20/303] O43707 ACTN4 len=911 v2 md5 ok; features=3/86 isoforms=3 annotations=43
2026-09-10T23:24:15 INFO [21/303] O43819 SCO2 len=266 v3 md5 ok; features=2/34 isoforms=0 annotations=9
2026-09-10T23:24:32 INFO [22/303] O43852 CALU len=315 v2 md5 ok; features=17/70 isoforms=15 annotations=9
2026-09-10T23:24:35 INFO [23/303] O60237 PPP1R12B len=982 v2 md5 ok; features=8/44 isoforms=6 annotations=13
2026-09-10T23:24:37 INFO [24/303] O60662 KLHL41 len=606 v2 md5 ok; features=2/17 isoforms=2 annotations=18
2026-09-10T23:24:39 INFO [25/303] O60706 ABCC9 len=1549 v2 md5 ok; features=2/66 isoforms=2 annotations=25
2026-09-10T23:24:41 INFO [26/303] O60936 NOL3 len=208 v2 md5 ok; features=4/20 isoforms=3 annotations=34
2026-09-10T23:24:43 INFO [27/303] O75052 NOS1AP len=506 v3 md5 ok; features=4/20 isoforms=3 annotations=24
2026-09-10T23:24:47 INFO [28/303] O75112 LDB3 len=727 v2 md5 ok; features=7/61 isoforms=7 annotations=14
2026-09-10T23:24:49 INFO [29/303] O75147 OBSL1 len=1896 v4 md5 ok; features=8/106 isoforms=4 annotations=18
2026-09-10T23:24:52 INFO [30/303] O75190 DNAJB6 len=326 v2 md5 ok; features=6/33 isoforms=4 annotations=20
2026-09-10T23:24:54 INFO [31/303] O75298 RTN2 len=545 v1 md5 ok; features=3/24 isoforms=3 annotations=18
2026-09-10T23:24:59 INFO [32/303] O75369 FLNB len=2602 v2 md5 ok; features=11/297 isoforms=9 annotations=19
2026-09-10T23:25:00 INFO [33/303] O75628 REM1 len=298 v2 md5 ok; features=1/27 isoforms=0 annotations=7
2026-09-10T23:25:01 INFO [34/303] O75880 SCO1 len=301 v1 md5 ok; features=2/33 isoforms=0 annotations=7
2026-09-10T23:25:02 INFO [35/303] O76003 GLRX3 len=335 v2 md5 ok; features=2/52 isoforms=0 annotations=16
2026-09-10T23:25:04 INFO [36/303] O76041 NEBL len=1014 v1 md5 ok; features=4/55 isoforms=2 annotations=11
2026-09-10T23:25:10 INFO [37/303] O94875 SORBS2 len=1100 v3 md5 ok; features=17/111 isoforms=12 annotations=20
2026-09-10T23:25:11 INFO [38/303] O95393 BMP10 len=424 v1 md5 ok; features=3/37 isoforms=0 annotations=31
2026-09-10T23:25:14 INFO [39/303] O95425 SVIL len=2214 v2 md5 ok; features=4/80 isoforms=4 annotations=17
2026-09-10T23:25:15 INFO [40/303] O95479 H6PD len=791 v2 md5 ok; features=3/87 isoforms=2 annotations=16
2026-09-10T23:25:17 INFO [41/303] O95749 GGPS1 len=300 v1 md5 ok; features=2/45 isoforms=2 annotations=13
2026-09-10T23:25:18 INFO [42/303] O95817 BAG3 len=575 v3 md5 ok; features=2/63 isoforms=0 annotations=33
2026-09-10T23:25:19 INFO [43/303] P02144 MB len=154 v2 md5 ok; features=2/27 isoforms=0 annotations=11
2026-09-10T23:25:24 INFO [44/303] P02511 CRYAB len=175 v2 md5 ok; features=1/43 isoforms=0 annotations=44
2026-09-10T23:25:28 INFO [45/303] P02585 TNNC2 len=160 v2 md5 ok; features=2/37 isoforms=0 annotations=5
2026-09-10T23:25:31 INFO [46/303] P02730 SLC4A1 len=911 v3 md5 ok; features=2/210 isoforms=2 annotations=24
2026-09-10T23:25:33 INFO [47/303] P04075 ALDOA len=364 v2 md5 ok; features=3/73 isoforms=2 annotations=34
2026-09-10T23:25:34 INFO [48/303] P04792 HSPB1 len=205 v2 md5 ok; features=1/56 isoforms=0 annotations=46
2026-09-10T23:25:35 INFO [49/303] P05413 FABP3 len=133 v4 md5 ok; features=2/29 isoforms=0 annotations=24
2026-09-10T23:25:37 INFO [50/303] P05787 KRT8 len=483 v7 md5 ok; features=2/92 isoforms=2 annotations=18
2026-09-10T23:25:38 INFO [51/303] P05976 MYL1 len=194 v3 md5 ok; features=4/17 isoforms=2 annotations=12
2026-09-10T23:25:41 INFO [52/303] P06396 GSN len=782 v1 md5 ok; features=5/159 isoforms=4 annotations=46
2026-09-10T23:25:42 INFO [53/303] P06733 ENO1 len=434 v2 md5 ok; features=3/108 isoforms=2 annotations=33
2026-09-10T23:25:46 INFO [54/303] P06753 TPM3 len=285 v2 md5 ok; features=14/67 isoforms=7 annotations=10
2026-09-10T23:25:47 INFO [55/303] P07451 CA3 len=260 v3 md5 ok; features=2/57 isoforms=0 annotations=19
2026-09-10T23:25:49 INFO [56/303] P07951 TPM2 len=284 v1 md5 ok; features=4/49 isoforms=3 annotations=13
2026-09-10T23:25:51 INFO [57/303] P07996 THBS1 len=1170 v2 md5 ok; features=3/156 isoforms=2 annotations=96
2026-09-10T23:25:53 INFO [58/303] P08253 MMP2 len=660 v2 md5 ok; features=6/144 isoforms=3 annotations=53
2026-09-10T23:25:54 INFO [59/303] P08590 MYL3 len=195 v3 md5 ok; features=2/20 isoforms=0 annotations=17
2026-09-10T23:25:55 INFO [60/303] P08727 KRT19 len=400 v4 md5 ok; features=1/37 isoforms=0 annotations=23
2026-09-10T23:26:00 INFO [61/303] P09493 TPM1 len=284 v2 md5 ok; features=13/47 isoforms=10 annotations=34
2026-09-10T23:26:06 INFO [62/303] P0CAP1 MYZAP len=466 v1 md5 ok; features=12/29 isoforms=11 annotations=8
2026-09-10T23:26:08 INFO [63/303] P0CAP2 POLR2M len=368 v1 md5 ok; features=3/25 isoforms=6 annotations=11
2026-09-10T23:26:09 INFO [64/303] P0DMT0 MRLN len=46 v1 md5 ok; features=1/4 isoforms=0 annotations=3
2026-09-10T23:26:10 INFO [65/303] P0DN84 STRIT1 len=35 v2 md5 ok; features=1/5 isoforms=0 annotations=5
2026-09-10T23:26:12 INFO [66/303] P0DP23 CALM1 len=149 v1 md5 ok; features=2/64 isoforms=0 annotations=53
2026-09-10T23:26:13 INFO [67/303] P0DP24 CALM2 len=149 v1 md5 ok; features=2/66 isoforms=0 annotations=46
2026-09-10T23:26:14 INFO [68/303] P0DP25 CALM3 len=149 v1 md5 ok; features=2/61 isoforms=0 annotations=59
2026-09-10T23:26:15 INFO [69/303] P10916 MYL2 len=166 v3 md5 ok; features=2/21 isoforms=0 annotations=24
2026-09-10T23:26:16 INFO [70/303] P11055 MYH3 len=1940 v3 md5 ok; features=1/43 isoforms=0 annotations=22
2026-09-10T23:26:17 INFO [71/303] P11166 SLC2A1 len=492 v2 md5 ok; features=1/143 isoforms=0 annotations=42
2026-09-10T23:26:35 INFO [72/303] P11532 DMD len=3685 v4 md5 ok; features=15/179 isoforms=17 annotations=75
2026-09-10T23:26:36 INFO [73/303] P12109 COL6A1 len=1028 v3 md5 ok; features=2/48 isoforms=0 annotations=20
2026-09-10T23:26:39 INFO [74/303] P12814 ACTN1 len=892 v2 md5 ok; features=4/83 isoforms=4 annotations=36
2026-09-10T23:26:40 INFO [75/303] P12829 MYL4 len=197 v3 md5 ok; features=2/18 isoforms=0 annotations=10
2026-09-10T23:26:41 INFO [76/303] P12882 MYH1 len=1939 v3 md5 ok; features=1/79 isoforms=0 annotations=14
2026-09-10T23:26:42 INFO [77/303] P12883 MYH7 len=1935 v5 md5 ok; features=1/349 isoforms=0 annotations=24
2026-09-10T23:26:43 INFO [78/303] P13533 MYH6 len=1939 v5 md5 ok; features=1/64 isoforms=0 annotations=32
2026-09-10T23:26:44 INFO [79/303] P13535 MYH8 len=1937 v3 md5 ok; features=1/62 isoforms=0 annotations=17
2026-09-10T23:26:46 INFO [80/303] P13805 TNNT1 len=278 v4 md5 ok; features=3/17 isoforms=3 annotations=8
2026-09-10T23:26:47 INFO [81/303] P14625 HSP90B1 len=803 v1 md5 ok; features=2/60 isoforms=0 annotations=43
2026-09-10T23:26:49 INFO [82/303] P14672 SLC2A4 len=509 v1 md5 ok; features=3/86 isoforms=2 annotations=38
2026-09-10T23:26:50 INFO [83/303] P14923 JUP len=745 v3 md5 ok; features=1/83 isoforms=0 annotations=53
2026-09-10T23:26:51 INFO [84/303] P15172 MYOD1 len=320 v3 md5 ok; features=1/15 isoforms=0 annotations=39
2026-09-10T23:26:52 INFO [85/303] P15382 KCNE1 len=129 v1 md5 ok; features=1/55 isoforms=0 annotations=32
2026-09-10T23:27:04 INFO [86/303] P16157 ANK1 len=1881 v3 md5 ok; features=18/225 isoforms=23 annotations=28
2026-09-10T23:27:06 INFO [87/303] P16298 PPP3CB len=524 v2 md5 ok; features=6/86 isoforms=4 annotations=41
2026-09-10T23:27:09 INFO [88/303] P16615 ATP2A2 len=1042 v1 md5 ok; features=5/228 isoforms=5 annotations=42
2026-09-10T23:27:10 INFO [89/303] P17661 DES len=470 v3 md5 ok; features=2/82 isoforms=0 annotations=24
2026-09-10T23:27:13 INFO [90/303] P18206 VCL len=1134 v4 md5 ok; features=5/110 isoforms=3 annotations=48
2026-09-10T23:27:14 INFO [91/303] P19237 TNNI1 len=187 v3 md5 ok; features=2/13 isoforms=0 annotations=5
2026-09-10T23:27:15 INFO [92/303] P19429 TNNI3 len=210 v3 md5 ok; features=2/57 isoforms=0 annotations=25
2026-09-10T23:27:18 INFO [93/303] P20807 CAPN3 len=821 v2 md5 ok; features=6/148 isoforms=5 annotations=46
2026-09-10T23:27:24 INFO [94/303] P20929 NEB len=8525 v6 md5 ok; features=6/294 isoforms=4 annotations=10
2026-09-10T23:27:28 INFO [95/303] P21291 CSRP1 len=193 v3 md5 ok; features=1/14 isoforms=0 annotations=12
2026-09-10T23:27:32 INFO [96/303] P21333 FLNA len=2647 v4 md5 ok; features=4/289 isoforms=3 annotations=75
2026-09-10T23:27:34 INFO [97/303] P21817 RYR1 len=5038 v3 md5 ok; features=3/286 isoforms=3 annotations=42
2026-09-10T23:27:36 INFO [98/303] P22460 KCNA5 len=613 v4 md5 ok; features=2/64 isoforms=2 annotations=43
2026-09-10T23:27:37 INFO [99/303] P23297 S100A1 len=94 v2 md5 ok; features=1/20 isoforms=0 annotations=18
2026-09-10T23:27:38 INFO [100/303] P23327 HRC len=699 v1 md5 ok; features=2/43 isoforms=0 annotations=19
2026-09-10T23:27:43 INFO [101/303] P23634 ATP2B4 len=1241 v2 md5 ok; features=5/50 isoforms=8 annotations=57
2026-09-10T23:27:44 INFO [102/303] P24844 MYL9 len=172 v4 md5 ok; features=3/21 isoforms=2 annotations=17
2026-09-10T23:27:45 INFO [103/303] P26678 PLN len=52 v1 md5 ok; features=1/19 isoforms=0 annotations=42
2026-09-10T23:27:46 INFO [104/303] P27797 CALR len=417 v1 md5 ok; features=2/64 isoforms=0 annotations=83
2026-09-10T23:27:48 INFO [105/303] P28161 GSTM2 len=218 v2 md5 ok; features=2/41 isoforms=2 annotations=23
2026-09-10T23:27:49 INFO [106/303] P28289 TMOD1 len=359 v1 md5 ok; features=3/26 isoforms=2 annotations=15
2026-09-10T23:27:52 INFO [107/303] P29475 NOS1 len=1434 v2 md5 ok; features=6/127 isoforms=5 annotations=68
2026-09-10T23:27:54 INFO [108/303] P29536 LMOD1 len=600 v3 md5 ok; features=2/45 isoforms=2 annotations=15
2026-09-10T23:27:56 INFO [109/303] P30626 SRI len=198 v1 md5 ok; features=3/38 isoforms=3 annotations=30
2026-09-10T23:27:57 INFO [110/303] P31415 CASQ1 len=396 v3 md5 ok; features=2/57 isoforms=0 annotations=21
2026-09-10T23:27:58 INFO [111/303] P31431 SDC4 len=198 v2 md5 ok; features=3/12 isoforms=2 annotations=19
2026-09-10T23:28:01 INFO [112/303] P32418 SLC8A1 len=973 v3 md5 ok; features=6/133 isoforms=5 annotations=53
2026-09-10T23:28:03 INFO [113/303] P35222 CTNNB1 len=781 v1 md5 ok; features=2/147 isoforms=0 annotations=141
2026-09-10T23:28:04 INFO [114/303] P35443 THBS4 len=961 v2 md5 ok; features=2/54 isoforms=0 annotations=19
2026-09-10T23:28:06 INFO [115/303] P35498 SCN1A len=2009 v2 md5 ok; features=3/633 isoforms=3 annotations=15
2026-09-10T23:28:08 INFO [116/303] P35573 AGL len=1532 v3 md5 ok; features=3/140 isoforms=3 annotations=18
2026-09-10T23:28:09 INFO [117/303] P35609 ACTN2 len=894 v1 md5 ok; features=2/87 isoforms=2 annotations=49
2026-09-10T23:28:11 INFO [118/303] P41145 OPRK1 len=380 v2 md5 ok; features=2/46 isoforms=2 annotations=46
2026-09-10T23:28:15 INFO [119/303] P45378 TNNT3 len=269 v3 md5 ok; features=7/24 isoforms=7 annotations=11
2026-09-10T23:28:28 INFO [120/303] P45379 TNNT2 len=298 v3 md5 ok; features=10/57 isoforms=12 annotations=20
2026-09-10T23:28:32 WARNING P47756 isoform P47756-3: fetch failed: 404 Client Error: Not Found for url: https://rest.uniprot.org/uniprotkb/P47756-3.fasta
2026-09-10T23:28:32 INFO [121/303] P47756 CAPZB len=272 v5 md5 ok; features=3/38 isoforms=3 annotations=19
2026-09-10T23:28:33 INFO [122/303] P47989 XDH len=1333 v4 md5 ok; features=1/176 isoforms=0 annotations=28
2026-09-10T23:28:34 INFO [123/303] P48788 TNNI2 len=182 v2 md5 ok; features=3/12 isoforms=2 annotations=7
2026-09-10T23:28:35 INFO [124/303] P49257 LMAN1 len=510 v2 md5 ok; features=2/59 isoforms=0 annotations=19
2026-09-10T23:28:37 INFO [125/303] P50461 CSRP3 len=194 v1 md5 ok; features=3/38 isoforms=2 annotations=25
2026-09-10T23:28:39 INFO [126/303] P50479 PDLIM4 len=330 v2 md5 ok; features=2/30 isoforms=2 annotations=26
2026-09-10T23:28:41 INFO [127/303] P51114 FXR1 len=621 v3 md5 ok; features=5/77 isoforms=3 annotations=53
2026-09-10T23:28:43 INFO [128/303] P52179 MYOM1 len=1685 v2 md5 ok; features=2/127 isoforms=2 annotations=10
2026-09-10T23:28:44 INFO [129/303] P52961 ART1 len=327 v2 md5 ok; features=3/18 isoforms=0 annotations=5
2026-09-10T23:28:47 INFO [130/303] P54289 CACNA2D1 len=1103 v3 md5 ok; features=7/168 isoforms=5 annotations=22
2026-09-10T23:28:48 INFO [131/303] P54296 MYOM2 len=1465 v3 md5 ok; features=1/29 isoforms=0 annotations=7
2026-09-10T23:28:49 INFO [132/303] P55145 MANF len=182 v3 md5 ok; features=2/28 isoforms=0 annotations=13
2026-09-10T23:28:50 INFO [133/303] P56539 CAV3 len=151 v1 md5 ok; features=1/32 isoforms=0 annotations=67
2026-09-10T23:28:54 INFO [134/303] P57103 SLC8A3 len=927 v2 md5 ok; features=9/65 isoforms=7 annotations=45
2026-09-10T23:28:56 INFO [135/303] P60900 PSMA6 len=246 v1 md5 ok; features=3/40 isoforms=3 annotations=50
2026-09-10T23:28:57 INFO [136/303] P61313 RPL15 len=204 v2 md5 ok; features=3/42 isoforms=2 annotations=17
2026-09-10T23:28:58 INFO [137/303] P62942 FKBP1A len=108 v2 md5 ok; features=2/21 isoforms=0 annotations=37
2026-09-10T23:28:59 INFO [138/303] P63261 ACTG1 len=375 v1 md5 ok; features=3/73 isoforms=0 annotations=46
2026-09-10T23:29:01 INFO [139/303] P63316 TNNC1 len=161 v1 md5 ok; features=1/50 isoforms=0 annotations=20
2026-09-10T23:29:02 INFO [140/303] P67936 TPM4 len=248 v3 md5 ok; features=3/19 isoforms=2 annotations=20
2026-09-10T23:29:03 INFO [141/303] P68032 ACTC1 len=377 v1 md5 ok; features=3/63 isoforms=0 annotations=30
2026-09-10T23:29:05 INFO [142/303] P68106 FKBP1B len=108 v2 md5 ok; features=2/17 isoforms=2 annotations=23
2026-09-10T23:29:06 INFO [143/303] P68133 ACTA1 len=377 v1 md5 ok; features=3/138 isoforms=0 annotations=22
2026-09-10T23:29:07 INFO [144/303] P84077 ARF1 len=181 v2 md5 ok; features=2/32 isoforms=0 annotations=27
2026-09-10T23:29:08 INFO [145/303] Q00765 REEP5 len=189 v3 md5 ok; features=2/14 isoforms=2 annotations=6
2026-09-10T23:29:14 INFO [146/303] Q00872 MYBPC1 len=1141 v2 md5 ok; features=10/119 isoforms=10 annotations=7
2026-09-10T23:29:16 INFO [147/303] Q01082 SPTBN1 len=2364 v2 md5 ok; features=7/127 isoforms=3 annotations=33
2026-09-10T23:29:17 INFO [148/303] Q01449 MYL7 len=175 v1 md5 ok; features=2/12 isoforms=0 annotations=9
2026-09-10T23:29:19 INFO [149/303] Q01484 ANK2 len=3957 v4 md5 ok; features=6/296 isoforms=4 annotations=64
2026-09-10T23:29:30 INFO [150/303] Q01668 CACNA1D len=2161 v2 md5 ok; features=7/212 isoforms=4 annotations=30
2026-09-10T23:29:35 INFO [151/303] Q03001 DST len=7570 v4 md5 ok; features=20/149 isoforms=9 annotations=38
2026-09-10T23:29:39 INFO [152/303] Q05682 CALD1 len=793 v3 md5 ok; features=5/56 isoforms=6 annotations=13
2026-09-10T23:29:43 INFO [153/303] Q06413 MEF2C len=473 v1 md5 ok; features=6/59 isoforms=6 annotations=104
2026-09-10T23:29:45 INFO [154/303] Q07343 PDE4B len=736 v1 md5 ok; features=5/82 isoforms=4 annotations=25
2026-09-10T23:29:46 INFO [155/303] Q08043 ACTN3 len=901 v2 md5 ok; features=1/42 isoforms=0 annotations=36
2026-09-10T23:29:49 INFO [156/303] Q08209 PPP3CA len=521 v1 md5 ok; features=6/87 isoforms=5 annotations=45
2026-09-10T23:29:50 INFO [157/303] Q08629 SPOCK1 len=439 v1 md5 ok; features=2/19 isoforms=0 annotations=22
2026-09-10T23:29:58 INFO [158/303] Q09013 DMPK len=629 v3 md5 ok; features=9/63 isoforms=12 annotations=18
2026-09-10T23:29:59 INFO [159/303] Q09666 AHNAK len=5890 v2 md5 ok; features=3/252 isoforms=2 annotations=22
2026-09-10T23:30:01 INFO [160/303] Q0VAK6 LMOD3 len=560 v1 md5 ok; features=5/27 isoforms=2 annotations=16
2026-09-10T23:30:03 INFO [161/303] Q0ZGT2 NEXN len=675 v1 md5 ok; features=5/37 isoforms=4 annotations=14
2026-09-10T23:30:05 INFO [162/303] Q12792 TWF1 len=350 v3 md5 ok; features=4/52 isoforms=3 annotations=22
2026-09-10T23:30:11 INFO [163/303] Q12797 ASPH len=758 v3 md5 ok; features=12/88 isoforms=11 annotations=32
2026-09-10T23:30:14 INFO [164/303] Q12955 ANK3 len=4377 v3 md5 ok; features=17/164 isoforms=5 annotations=54
2026-09-10T23:30:16 INFO [165/303] Q13023 AKAP6 len=2319 v3 md5 ok; features=3/47 isoforms=2 annotations=32
2026-09-10T23:30:17 INFO [166/303] Q13049 TRIM32 len=653 v2 md5 ok; features=2/41 isoforms=0 annotations=52
2026-09-10T23:30:19 INFO [167/303] Q13061 TRDN len=729 v4 md5 ok; features=6/38 isoforms=3 annotations=22
2026-09-10T23:30:24 INFO [168/303] Q13153 PAK1 len=545 v2 md5 ok; features=3/101 isoforms=2 annotations=59
2026-09-10T23:30:28 INFO [169/303] Q13203 MYBPH len=477 v4 md5 ok; features=1/14 isoforms=0 annotations=4
2026-09-10T23:30:32 INFO [170/303] Q13418 ILK len=452 v2 md5 ok; features=3/84 isoforms=3 annotations=38
2026-09-10T23:30:33 INFO [171/303] Q13496 MTM1 len=603 v2 md5 ok; features=2/114 isoforms=2 annotations=23
2026-09-10T23:30:35 INFO [172/303] Q13501 SQSTM1 len=440 v1 md5 ok; features=4/177 isoforms=2 annotations=75
2026-09-10T23:30:40 INFO [173/303] Q13554 CAMK2B len=666 v3 md5 ok; features=10/78 isoforms=8 annotations=32
2026-09-10T23:30:46 INFO [174/303] Q13555 CAMK2G len=558 v4 md5 ok; features=10/78 isoforms=11 annotations=24
2026-09-10T23:30:52 INFO [175/303] Q13557 CAMK2D len=499 v3 md5 ok; features=8/72 isoforms=10 annotations=49
2026-09-10T23:30:53 INFO [176/303] Q13586 STIM1 len=685 v3 md5 ok; features=4/115 isoforms=2 annotations=22
2026-09-10T23:30:54 INFO [177/303] Q13643 FHL3 len=280 v4 md5 ok; features=2/42 isoforms=0 annotations=9
2026-09-10T23:30:55 INFO [178/303] Q13698 CACNA1S len=1873 v4 md5 ok; features=1/134 isoforms=0 annotations=17
2026-09-10T23:30:57 INFO [179/303] Q13813 SPTAN1 len=2472 v3 md5 ok; features=3/134 isoforms=3 annotations=24
2026-09-10T23:31:17 INFO [180/303] Q13936 CACNA1C len=2221 v4 md5 ok; features=16/351 isoforms=37 annotations=36
2026-09-10T23:31:18 INFO [181/303] Q14118 DAG1 len=895 v2 md5 ok; features=3/125 isoforms=0 annotations=83
2026-09-10T23:31:19 INFO [182/303] Q14192 FHL2 len=279 v3 md5 ok; features=3/46 isoforms=2 annotations=18
2026-09-10T23:31:27 INFO [183/303] Q14315 FLNC len=2725 v3 md5 ok; features=2/203 isoforms=2 annotations=13
2026-09-10T23:31:30 INFO [184/303] Q14324 MYBPC2 len=1141 v2 md5 ok; features=1/56 isoforms=0 annotations=4
2026-09-10T23:31:31 INFO [185/303] Q14331 FRG1 len=258 v1 md5 ok; features=1/25 isoforms=0 annotations=11
2026-09-10T23:31:35 INFO [186/303] Q14524 SCN5A len=2016 v2 md5 ok; features=6/704 isoforms=6 annotations=66
2026-09-10T23:31:37 INFO [187/303] Q14571 ITPR2 len=2701 v2 md5 ok; features=3/63 isoforms=2 annotations=21
2026-09-10T23:31:38 INFO [188/303] Q14573 ITPR3 len=2671 v2 md5 ok; features=1/317 isoforms=0 annotations=34
2026-09-10T23:31:39 INFO [189/303] Q14596 NBR1 len=966 v3 md5 ok; features=2/57 isoforms=2 annotations=18
2026-09-10T23:31:44 INFO [190/303] Q14643 ITPR1 len=2758 v3 md5 ok; features=5/103 isoforms=8 annotations=44
2026-09-10T23:31:46 INFO [191/303] Q14896 MYBPC3 len=1274 v4 md5 ok; features=2/184 isoforms=2 annotations=20
2026-09-10T23:31:50 INFO [192/303] Q14BN4 SLMAP len=828 v1 md5 ok; features=16/58 isoforms=8 annotations=16
2026-09-10T23:31:52 INFO [193/303] Q15124 PGM5 len=567 v2 md5 ok; features=3/10 isoforms=2 annotations=17
2026-09-10T23:31:53 INFO [194/303] Q15139 PRKD1 len=912 v2 md5 ok; features=1/49 isoforms=0 annotations=62
2026-09-10T23:31:58 INFO [195/303] Q15149 PLEC len=4684 v3 md5 ok; features=14/278 isoforms=9 annotations=57
2026-09-10T23:32:00 INFO [196/303] Q15172 PPP2R5A len=486 v1 md5 ok; features=3/16 isoforms=2 annotations=13
2026-09-10T23:32:01 INFO [197/303] Q15327 ANKRD1 len=319 v2 md5 ok; features=1/9 isoforms=0 annotations=31
2026-09-10T23:32:03 INFO [198/303] Q15413 RYR3 len=4870 v3 md5 ok; features=4/90 isoforms=3 annotations=22
2026-09-10T23:32:04 INFO [199/303] Q15842 KCNJ8 len=424 v1 md5 ok; features=1/21 isoforms=0 annotations=22
2026-09-10T23:32:05 INFO [200/303] Q16527 CSRP2 len=193 v3 md5 ok; features=1/10 isoforms=0 annotations=9
2026-09-10T23:32:07 INFO [201/303] Q16637 SMN1 len=294 v1 md5 ok; features=5/83 isoforms=4 annotations=20
2026-09-10T23:32:09 INFO [202/303] Q2TBA0 KLHL40 len=621 v2 md5 ok; features=3/68 isoforms=2 annotations=12
2026-09-10T23:32:11 INFO [203/303] Q2TBC4 PRICKLE4 len=344 v2 md5 ok; features=3/12 isoforms=3 annotations=11
2026-09-10T23:32:13 INFO [204/303] Q2V2M9 FHOD3 len=1422 v2 md5 ok; features=5/77 isoforms=4 annotations=8
2026-09-10T23:32:15 INFO [205/303] Q53GG5 PDLIM3 len=364 v1 md5 ok; features=4/15 isoforms=3 annotations=11
2026-09-10T23:32:16 INFO [206/303] Q5BKX8 CAVIN4 len=364 v2 md5 ok; features=1/13 isoforms=0 annotations=7
2026-09-10T23:32:17 INFO [207/303] Q5BKY1 LRRC10 len=277 v1 md5 ok; features=1/8 isoforms=0 annotations=7
2026-09-10T23:32:19 INFO [208/303] Q5JQC9 AKAP4 len=854 v1 md5 ok; features=3/43 isoforms=2 annotations=20
2026-09-10T23:32:24 INFO [209/303] Q5JVS0 HABP4 len=413 v1 md5 ok; features=2/31 isoforms=2 annotations=21
2026-09-10T23:32:28 INFO [210/303] Q5TD97 FHL5 len=284 v1 md5 ok; features=1/24 isoforms=0 annotations=4
2026-09-10T23:32:33 INFO [211/303] Q5VST9 OBSCN len=7968 v4 md5 ok; features=10/464 isoforms=5 annotations=26
2026-09-10T23:32:35 INFO [212/303] Q5VTT5 MYOM3 len=1437 v1 md5 ok; features=5/34 isoforms=3 annotations=4
2026-09-10T23:32:42 INFO [213/303] Q5VU43 PDE4DIP len=2346 v3 md5 ok; features=15/87 isoforms=12 annotations=12
2026-09-10T23:32:43 INFO [214/303] Q5VVH2 FKBP1C len=108 v1 md5 ok; features=1/2 isoforms=0 annotations=4
2026-09-10T23:32:44 INFO [215/303] Q5VZP5 STYXL2 len=1158 v1 md5 ok; features=1/37 isoforms=0 annotations=5
2026-09-10T23:32:49 INFO [216/303] Q6H8Q1 ABLIM2 len=611 v2 md5 ok; features=10/76 isoforms=9 annotations=5
2026-09-10T23:32:50 INFO [217/303] Q6IBS0 TWF2 len=349 v2 md5 ok; features=2/40 isoforms=0 annotations=27
2026-09-10T23:32:51 INFO [218/303] Q6P050 FBXL22 len=231 v3 md5 ok; features=2/11 isoforms=2 annotations=6
2026-09-10T23:32:53 INFO [219/303] Q6P5Q4 LMOD2 len=547 v2 md5 ok; features=5/63 isoforms=3 annotations=17
2026-09-10T23:32:55 INFO [220/303] Q6UXF7 CLEC18B len=455 v2 md5 ok; features=5/14 isoforms=2 annotations=5
2026-09-10T23:32:57 INFO [221/303] Q711Q0 CEFIP len=1435 v2 md5 ok; features=3/54 isoforms=2 annotations=2
2026-09-10T23:32:58 INFO [222/303] Q86SG2 ANKRD23 len=305 v1 md5 ok; features=2/12 isoforms=2 annotations=8
2026-09-10T23:33:00 INFO [223/303] Q86TC9 MYPN len=1320 v2 md5 ok; features=3/79 isoforms=2 annotations=16
2026-09-10T23:33:02 INFO [224/303] Q86TD4 SRL len=473 v3 md5 ok; features=4/13 isoforms=3 annotations=4
2026-09-10T23:33:05 INFO [225/303] Q86VF2 IGFN1 len=1251 v2 md5 ok; features=8/24 isoforms=5 annotations=2
2026-09-10T23:33:07 INFO [226/303] Q86VF7 NRAP len=1730 v2 md5 ok; features=3/90 isoforms=4 annotations=8
2026-09-10T23:33:10 INFO [227/303] Q86VW2 ARHGEF25 len=580 v2 md5 ok; features=3/57 isoforms=3 annotations=9
2026-09-10T23:33:12 INFO [228/303] Q86YM7 HOMER1 len=354 v2 md5 ok; features=5/13 isoforms=3 annotations=26
2026-09-10T23:33:14 INFO [229/303] Q8IUG5 MYO18B len=2567 v2 md5 ok; features=4/83 isoforms=3 annotations=11
2026-09-10T23:33:15 INFO [230/303] Q8IVL5 P3H2 len=708 v1 md5 ok; features=3/18 isoforms=2 annotations=11
2026-09-10T23:33:17 INFO [231/303] Q8IWX7 UNC45B len=931 v1 md5 ok; features=3/18 isoforms=3 annotations=8
2026-09-10T23:33:18 INFO [232/303] Q8IWX8 CHERP len=916 v3 md5 ok; features=1/37 isoforms=0 annotations=14
2026-09-10T23:33:19 INFO [233/303] Q8N0Z2 ABRA len=381 v1 md5 ok; features=1/12 isoforms=0 annotations=7
2026-09-10T23:33:24 INFO [234/303] Q8N3K9 CMYA5 len=4069 v3 md5 ok; features=1/139 isoforms=0 annotations=5
2026-09-10T23:33:31 INFO [235/303] Q8N3V7 SYNPO len=929 v2 md5 ok; features=3/56 isoforms=3 annotations=21
2026-09-10T23:33:33 INFO [236/303] Q8NBH2 KY len=661 v3 md5 ok; features=2/9 isoforms=2 annotations=5
2026-09-10T23:33:34 INFO [237/303] Q8NC69 KCTD6 len=237 v2 md5 ok; features=1/7 isoforms=0 annotations=9
2026-09-10T23:33:35 INFO [238/303] Q8NDY3 ADPRHL1 len=354 v1 md5 ok; features=2/4 isoforms=2 annotations=6
2026-09-10T23:33:38 INFO [239/303] Q8NDZ2 SIMC1 len=872 v3 md5 ok; features=9/59 isoforms=5 annotations=6
2026-09-10T23:33:39 INFO [240/303] Q8NEW0 SLC30A7 len=376 v1 md5 ok; features=1/38 isoforms=0 annotations=16
2026-09-10T23:33:42 INFO [241/303] Q8NEZ5 FBXO22 len=403 v1 md5 ok; features=4/46 isoforms=3 annotations=12
2026-09-10T23:33:48 INFO [242/303] Q8NF91 SYNE1 len=8797 v4 md5 ok; features=23/182 isoforms=12 annotations=30
2026-09-10T23:33:50 INFO [243/303] Q8TDC0 MYOZ3 len=251 v2 md5 ok; features=5/12 isoforms=3 annotations=5
2026-09-10T23:33:52 INFO [244/303] Q8WU10 PYROXD1 len=500 v1 md5 ok; features=2/76 isoforms=2 annotations=9
2026-09-10T23:33:57 INFO [245/303] Q8WX93 PALLD len=1383 v3 md5 ok; features=9/90 isoforms=9 annotations=22
2026-09-10T23:34:04 INFO [246/303] Q8WXH0 SYNE2 len=6885 v3 md5 ok; features=19/185 isoforms=13 annotations=26
2026-09-10T23:34:06 INFO [247/303] Q8WXH2 JPH3 len=748 v2 md5 ok; features=3/34 isoforms=2 annotations=12
2026-09-10T23:34:13 INFO [248/303] Q8WZ42 TTN len=34350 v4 md5 ok; features=25/1336 isoforms=13 annotations=46
2026-09-10T23:34:15 INFO [249/303] Q92629 SGCD len=289 v2 md5 ok; features=4/15 isoforms=3 annotations=13
2026-09-10T23:34:17 INFO [250/303] Q92736 RYR2 len=4967 v3 md5 ok; features=2/565 isoforms=2 annotations=68
2026-09-10T23:34:18 INFO [251/303] Q92831 KAT2B len=832 v3 md5 ok; features=1/53 isoforms=0 annotations=57
2026-09-10T23:34:19 INFO [252/303] Q92952 KCNN1 len=543 v2 md5 ok; features=2/21 isoforms=2 annotations=13
2026-09-10T23:34:32 INFO [253/303] Q93084 ATP2A3 len=999 v3 md5 ok; features=7/67 isoforms=7 annotations=23
2026-09-10T23:34:33 INFO [254/303] Q969P5 FBXO32 len=355 v1 md5 ok; features=2/10 isoforms=2 annotations=11
2026-09-10T23:34:35 INFO [255/303] Q969Q1 TRIM63 len=353 v1 md5 ok; features=2/50 isoforms=2 annotations=17
2026-09-10T23:34:37 INFO [256/303] Q96AC1 FERMT2 len=680 v1 md5 ok; features=4/85 isoforms=3 annotations=51
2026-09-10T23:34:38 INFO [257/303] Q96DD0 LRRC39 len=335 v1 md5 ok; features=2/13 isoforms=2 annotations=2
2026-09-10T23:34:42 INFO [258/303] Q96HC4 PDLIM5 len=596 v5 md5 ok; features=12/71 isoforms=7 annotations=21
2026-09-10T23:34:43 INFO [259/303] Q96JJ6 JPH4 len=628 v2 md5 ok; features=1/22 isoforms=0 annotations=10
2026-09-10T23:34:46 INFO [260/303] Q96JY6 PDLIM2 len=352 v1 md5 ok; features=6/42 isoforms=5 annotations=14
2026-09-10T23:34:47 INFO [261/303] Q96MG2 JSRP1 len=331 v1 md5 ok; features=1/15 isoforms=0 annotations=3
2026-09-10T23:34:49 INFO [262/303] Q96Q27 ASB2 len=635 v2 md5 ok; features=2/29 isoforms=2 annotations=20
2026-09-10T23:34:50 INFO [263/303] Q9BR39 JPH2 len=696 v2 md5 ok; features=4/74 isoforms=2 annotations=22
2026-09-10T23:34:52 INFO [264/303] Q9BVC6 TMEM109 len=243 v1 md5 ok; features=2/9 isoforms=0 annotations=8
2026-09-10T23:34:53 INFO [265/303] Q9BYV2 TRIM54 len=358 v3 md5 ok; features=2/23 isoforms=2 annotations=11
2026-09-10T23:34:55 INFO [266/303] Q9C0I1 MTMR12 len=747 v2 md5 ok; features=3/10 isoforms=3 annotations=7
2026-09-10T23:34:57 INFO [267/303] Q9GZV1 ANKRD2 len=360 v3 md5 ok; features=2/16 isoforms=2 annotations=13
2026-09-10T23:34:58 INFO [268/303] Q9H1R3 MYLK2 len=596 v3 md5 ok; features=2/24 isoforms=0 annotations=19
2026-09-10T23:35:00 INFO [269/303] Q9H2S1 KCNN2 len=579 v2 md5 ok; features=2/37 isoforms=2 annotations=17
2026-09-10T23:35:01 INFO [270/303] Q9H6F2 TMEM38A len=299 v1 md5 ok; features=1/21 isoforms=0 annotations=8
2026-09-10T23:35:02 INFO [271/303] Q9H7C4 SYNC len=482 v3 md5 ok; features=2/23 isoforms=2 annotations=7
2026-09-10T23:35:04 INFO [272/303] Q9H987 SYNPO2L len=977 v3 md5 ok; features=3/59 isoforms=2 annotations=9
2026-09-10T23:35:07 INFO [273/303] Q9HBI1 PARVB len=364 v1 md5 ok; features=3/31 isoforms=3 annotations=13
2026-09-10T23:35:09 INFO [274/303] Q9HDC5 JPH1 len=661 v2 md5 ok; features=1/52 isoforms=0 annotations=11
2026-09-10T23:35:12 INFO [275/303] Q9NNX1 TUFT1 len=390 v1 md5 ok; features=3/10 isoforms=3 annotations=8
2026-09-10T23:35:13 INFO [276/303] Q9NP98 MYOZ1 len=299 v1 md5 ok; features=1/12 isoforms=0 annotations=18
2026-09-10T23:35:15 INFO [277/303] Q9NPC6 MYOZ2 len=264 v1 md5 ok; features=1/12 isoforms=0 annotations=12
2026-09-10T23:35:20 INFO [278/303] Q9NR12 PDLIM7 len=457 v1 md5 ok; features=9/35 isoforms=6 annotations=14
2026-09-10T23:35:22 INFO [279/303] Q9NVD7 PARVA len=372 v1 md5 ok; features=4/33 isoforms=2 annotations=24
2026-09-10T23:35:24 INFO [280/303] Q9NVV0 TMEM38B len=291 v1 md5 ok; features=1/25 isoforms=0 annotations=10
2026-09-10T23:35:25 INFO [281/303] Q9NY72 SCN3B len=215 v1 md5 ok; features=2/36 isoforms=0 annotations=27
2026-09-10T23:35:27 INFO [282/303] Q9NYL9 TMOD3 len=352 v1 md5 ok; features=1/3 isoforms=0 annotations=10
2026-09-10T23:35:28 INFO [283/303] Q9NZQ9 TMOD4 len=345 v1 md5 ok; features=2/6 isoforms=2 annotations=8
2026-09-10T23:35:30 INFO [284/303] Q9NZR1 TMOD2 len=351 v1 md5 ok; features=2/5 isoforms=2 annotations=9
2026-09-10T23:35:32 INFO [285/303] Q9UBF9 MYOT len=498 v3 md5 ok; features=2/47 isoforms=2 annotations=12
2026-09-10T23:35:34 INFO [286/303] Q9UDY4 DNAJB4 len=337 v1 md5 ok; features=2/9 isoforms=0 annotations=11
2026-09-10T23:35:36 INFO [287/303] Q9UGI6 KCNN3 len=731 v2 md5 ok; features=4/37 isoforms=3 annotations=8
2026-09-10T23:35:37 INFO [288/303] Q9UHP9 SMPX len=88 v3 md5 ok; features=1/6 isoforms=0 annotations=5
2026-09-10T23:35:40 INFO [289/303] Q9UJW0 DCTN4 len=460 v1 md5 ok; features=4/74 isoforms=3 annotations=12
2026-09-10T23:35:42 INFO [290/303] Q9UKP3 ITGB1BP2 len=347 v1 md5 ok; features=2/28 isoforms=2 annotations=7
2026-09-10T23:35:43 INFO [291/303] Q9UKX2 MYH2 len=1941 v1 md5 ok; features=2/55 isoforms=2 annotations=14
2026-09-10T23:35:45 INFO [292/303] Q9UKX3 MYH13 len=1938 v2 md5 ok; features=1/20 isoforms=0 annotations=10
2026-09-10T23:35:46 INFO [293/303] Q9UL15 BAG5 len=447 v1 md5 ok; features=2/19 isoforms=2 annotations=21
2026-09-10T23:35:49 INFO [294/303] Q9ULV4 CORO1C len=474 v1 md5 ok; features=3/54 isoforms=3 annotations=39
2026-09-10T23:35:52 INFO [295/303] Q9UMS6 SYNPO2 len=1093 v2 md5 ok; features=5/76 isoforms=5 annotations=13
2026-09-10T23:35:54 INFO [296/303] Q9UNE7 STUB1 len=303 v2 md5 ok; features=2/48 isoforms=2 annotations=61
2026-09-10T23:35:58 INFO [297/303] Q9UQD0 SCN8A len=1980 v1 md5 ok; features=7/278 isoforms=5 annotations=18
2026-09-10T23:36:00 INFO [298/303] Q9Y272 RASD1 len=281 v1 md5 ok; features=4/13 isoforms=2 annotations=14
2026-09-10T23:36:01 WARNING Q9Y281 isoform Q9Y281-2: fetch failed: 404 Client Error: Not Found for url: https://rest.uniprot.org/uniprotkb/Q9Y281-2.fasta
2026-09-10T23:36:02 INFO [299/303] Q9Y281 CFL2 len=166 v1 md5 ok; features=3/31 isoforms=3 annotations=12
2026-09-10T23:36:03 INFO [300/303] Q9Y2K3 MYH15 len=1926 v6 md5 ok; features=1/14 isoforms=0 annotations=8
2026-09-10T23:36:04 INFO [301/303] Q9Y623 MYH4 len=1939 v2 md5 ok; features=1/63 isoforms=0 annotations=15
2026-09-10T23:36:07 INFO [302/303] Q9Y6A1 POMT1 len=747 v3 md5 ok; features=4/49 isoforms=4 annotations=10
2026-09-10T23:36:12 INFO [303/303] Q9Y6F6 IRAG1 len=904 v4 md5 ok; features=10/44 isoforms=9 annotations=4
2026-09-10T23:36:12 INFO wrote C:\Users\boldi\Dropbox\_ProductDevelopment\uniprot-standard\data\uniprot_verification.ini (303 accessions)
